Analysis & Elaboration report for Relogio
Wed Oct  7 16:42:47 2020
Quartus Prime Version 18.1.0 Build 625 09/12/2018 SJ Lite Edition


---------------------
; Table of Contents ;
---------------------
  1. Legal Notice
  2. Analysis & Elaboration Summary
  3. Parallel Compilation
  4. Parameter Settings for User Entity Instance: Top-level Entity: |relogio
  5. Parameter Settings for User Entity Instance: CPU:CPU
  6. Parameter Settings for User Entity Instance: CPU:CPU|Fluxo_Dados:FD
  7. Parameter Settings for User Entity Instance: CPU:CPU|Fluxo_Dados:FD|registrador:PC
  8. Parameter Settings for User Entity Instance: CPU:CPU|Fluxo_Dados:FD|mux2x1:MuxProxPC
  9. Parameter Settings for User Entity Instance: CPU:CPU|Fluxo_Dados:FD|mux2x1:muxRAM_Imediato
 10. Parameter Settings for User Entity Instance: CPU:CPU|Fluxo_Dados:FD|mux2x1:muxULA_Imediato
 11. Parameter Settings for User Entity Instance: CPU:CPU|Fluxo_Dados:FD|somaConstante:somaUm
 12. Parameter Settings for User Entity Instance: CPU:CPU|Fluxo_Dados:FD|memoriaROM:ROM
 13. Parameter Settings for User Entity Instance: CPU:CPU|Fluxo_Dados:FD|bancoRegistrador:bancoReg
 14. Parameter Settings for User Entity Instance: CPU:CPU|Fluxo_Dados:FD|ULA:ULA
 15. Parameter Settings for User Entity Instance: CPU:CPU|Unidade_Controle:UC
 16. Parameter Settings for User Entity Instance: decodificador:DEC
 17. Parameter Settings for User Entity Instance: memoriaRAM:RAM
 18. Parameter Settings for User Entity Instance: mux8x1:MUX
 19. Parameter Settings for User Entity Instance: divisorInterface:BASEDETEMPO|divisor:baseTempo
 20. Parameter Settings for User Entity Instance: registrador:REG0
 21. Parameter Settings for User Entity Instance: registrador:REG1
 22. Parameter Settings for User Entity Instance: registrador:REG2
 23. Parameter Settings for User Entity Instance: registrador:REG3
 24. Parameter Settings for User Entity Instance: registrador:REG4
 25. Parameter Settings for User Entity Instance: registrador:REG5
 26. Parameter Settings for User Entity Instance: registrador:REGLED
 27. Analysis & Elaboration Settings
 28. Port Connectivity Checks: "registrador:REGLED"
 29. Port Connectivity Checks: "hex:HEX_5"
 30. Port Connectivity Checks: "registrador:REG5"
 31. Port Connectivity Checks: "hex:HEX_4"
 32. Port Connectivity Checks: "registrador:REG4"
 33. Port Connectivity Checks: "hex:HEX_3"
 34. Port Connectivity Checks: "registrador:REG3"
 35. Port Connectivity Checks: "hex:HEX_2"
 36. Port Connectivity Checks: "registrador:REG2"
 37. Port Connectivity Checks: "hex:HEX_1"
 38. Port Connectivity Checks: "registrador:REG1"
 39. Port Connectivity Checks: "hex:HEX_0"
 40. Port Connectivity Checks: "registrador:REG0"
 41. Port Connectivity Checks: "divisorInterface:BASEDETEMPO|flipFlop:registraUmSegundo"
 42. Port Connectivity Checks: "mux8x1:MUX"
 43. Port Connectivity Checks: "decodificador:DEC"
 44. Port Connectivity Checks: "CPU:CPU|Fluxo_Dados:FD|registrador:PC"
 45. Analysis & Elaboration Messages



----------------
; Legal Notice ;
----------------
Copyright (C) 2018  Intel Corporation. All rights reserved.
Your use of Intel Corporation's design tools, logic functions 
and other software and tools, and its AMPP partner logic 
functions, and any output files from any of the foregoing 
(including device programming or simulation files), and any 
associated documentation or information are expressly subject 
to the terms and conditions of the Intel Program License 
Subscription Agreement, the Intel Quartus Prime License Agreement,
the Intel FPGA IP License Agreement, or other applicable license
agreement, including, without limitation, that your use is for
the sole purpose of programming logic devices manufactured by
Intel and sold by Intel or its authorized distributors.  Please
refer to the applicable agreement for further details.



+-----------------------------------------------------------------------------+
; Analysis & Elaboration Summary                                              ;
+-------------------------------+---------------------------------------------+
; Analysis & Elaboration Status ; Successful - Wed Oct  7 16:42:47 2020       ;
; Quartus Prime Version         ; 18.1.0 Build 625 09/12/2018 SJ Lite Edition ;
; Revision Name                 ; Relogio                                     ;
; Top-level Entity Name         ; relogio                                     ;
; Family                        ; Cyclone V                                   ;
; Logic utilization (in ALMs)   ; N/A until Partition Merge                   ;
; Total registers               ; N/A until Partition Merge                   ;
; Total pins                    ; N/A until Partition Merge                   ;
; Total virtual pins            ; N/A until Partition Merge                   ;
; Total block memory bits       ; N/A until Partition Merge                   ;
; Total PLLs                    ; N/A until Partition Merge                   ;
; Total DLLs                    ; N/A until Partition Merge                   ;
+-------------------------------+---------------------------------------------+


+------------------------------------------+
; Parallel Compilation                     ;
+----------------------------+-------------+
; Processors                 ; Number      ;
+----------------------------+-------------+
; Number detected on machine ; 8           ;
; Maximum allowed            ; 4           ;
;                            ;             ;
; Average used               ; 1.00        ;
; Maximum used               ; 1           ;
;                            ;             ;
; Usage by Processor         ; % Time Used ;
;     Processor 1            ; 100.0%      ;
+----------------------------+-------------+


+-------------------------------------------------------------------------+
; Parameter Settings for User Entity Instance: Top-level Entity: |relogio ;
+----------------+-------+------------------------------------------------+
; Parameter Name ; Value ; Type                                           ;
+----------------+-------+------------------------------------------------+
; DATA_WIDTH     ; 10    ; Signed Integer                                 ;
; DECODE_WIDTH   ; 11    ; Signed Integer                                 ;
; ROM_DATA_WIDTH ; 26    ; Signed Integer                                 ;
; HEX_WIDTH      ; 4     ; Signed Integer                                 ;
; RAM_ADDR_WIDTH ; 6     ; Signed Integer                                 ;
; ADDR_WIDTH     ; 8     ; Signed Integer                                 ;
+----------------+-------+------------------------------------------------+
Note: In order to hide this table in the UI and the text report file, please set the "Show Parameter Settings in Synthesis Report" option in "Analysis and Synthesis Settings -> More Settings" to "Off".


+------------------------------------------------------+
; Parameter Settings for User Entity Instance: CPU:CPU ;
+----------------+-------+-----------------------------+
; Parameter Name ; Value ; Type                        ;
+----------------+-------+-----------------------------+
; data_width     ; 10    ; Signed Integer              ;
; addr_width     ; 8     ; Signed Integer              ;
; rom_data_width ; 26    ; Signed Integer              ;
+----------------+-------+-----------------------------+
Note: In order to hide this table in the UI and the text report file, please set the "Show Parameter Settings in Synthesis Report" option in "Analysis and Synthesis Settings -> More Settings" to "Off".


+---------------------------------------------------------------------+
; Parameter Settings for User Entity Instance: CPU:CPU|Fluxo_Dados:FD ;
+----------------+-------+--------------------------------------------+
; Parameter Name ; Value ; Type                                       ;
+----------------+-------+--------------------------------------------+
; data_width     ; 10    ; Signed Integer                             ;
; rom_data_width ; 26    ; Signed Integer                             ;
; addr_width     ; 8     ; Signed Integer                             ;
+----------------+-------+--------------------------------------------+
Note: In order to hide this table in the UI and the text report file, please set the "Show Parameter Settings in Synthesis Report" option in "Analysis and Synthesis Settings -> More Settings" to "Off".


+------------------------------------------------------------------------------------+
; Parameter Settings for User Entity Instance: CPU:CPU|Fluxo_Dados:FD|registrador:PC ;
+----------------+-------+-----------------------------------------------------------+
; Parameter Name ; Value ; Type                                                      ;
+----------------+-------+-----------------------------------------------------------+
; larguradados   ; 8     ; Signed Integer                                            ;
+----------------+-------+-----------------------------------------------------------+
Note: In order to hide this table in the UI and the text report file, please set the "Show Parameter Settings in Synthesis Report" option in "Analysis and Synthesis Settings -> More Settings" to "Off".


+--------------------------------------------------------------------------------------+
; Parameter Settings for User Entity Instance: CPU:CPU|Fluxo_Dados:FD|mux2x1:MuxProxPC ;
+----------------+-------+-------------------------------------------------------------+
; Parameter Name ; Value ; Type                                                        ;
+----------------+-------+-------------------------------------------------------------+
; larguradados   ; 8     ; Signed Integer                                              ;
+----------------+-------+-------------------------------------------------------------+
Note: In order to hide this table in the UI and the text report file, please set the "Show Parameter Settings in Synthesis Report" option in "Analysis and Synthesis Settings -> More Settings" to "Off".


+--------------------------------------------------------------------------------------------+
; Parameter Settings for User Entity Instance: CPU:CPU|Fluxo_Dados:FD|mux2x1:muxRAM_Imediato ;
+----------------+-------+-------------------------------------------------------------------+
; Parameter Name ; Value ; Type                                                              ;
+----------------+-------+-------------------------------------------------------------------+
; larguradados   ; 10    ; Signed Integer                                                    ;
+----------------+-------+-------------------------------------------------------------------+
Note: In order to hide this table in the UI and the text report file, please set the "Show Parameter Settings in Synthesis Report" option in "Analysis and Synthesis Settings -> More Settings" to "Off".


+--------------------------------------------------------------------------------------------+
; Parameter Settings for User Entity Instance: CPU:CPU|Fluxo_Dados:FD|mux2x1:muxULA_Imediato ;
+----------------+-------+-------------------------------------------------------------------+
; Parameter Name ; Value ; Type                                                              ;
+----------------+-------+-------------------------------------------------------------------+
; larguradados   ; 10    ; Signed Integer                                                    ;
+----------------+-------+-------------------------------------------------------------------+
Note: In order to hide this table in the UI and the text report file, please set the "Show Parameter Settings in Synthesis Report" option in "Analysis and Synthesis Settings -> More Settings" to "Off".


+------------------------------------------------------------------------------------------+
; Parameter Settings for User Entity Instance: CPU:CPU|Fluxo_Dados:FD|somaConstante:somaUm ;
+----------------+-------+-----------------------------------------------------------------+
; Parameter Name ; Value ; Type                                                            ;
+----------------+-------+-----------------------------------------------------------------+
; larguradados   ; 8     ; Signed Integer                                                  ;
; constante      ; 1     ; Signed Integer                                                  ;
+----------------+-------+-----------------------------------------------------------------+
Note: In order to hide this table in the UI and the text report file, please set the "Show Parameter Settings in Synthesis Report" option in "Analysis and Synthesis Settings -> More Settings" to "Off".


+------------------------------------------------------------------------------------+
; Parameter Settings for User Entity Instance: CPU:CPU|Fluxo_Dados:FD|memoriaROM:ROM ;
+----------------+-------+-----------------------------------------------------------+
; Parameter Name ; Value ; Type                                                      ;
+----------------+-------+-----------------------------------------------------------+
; datawidth      ; 26    ; Signed Integer                                            ;
; addrwidth      ; 8     ; Signed Integer                                            ;
+----------------+-------+-----------------------------------------------------------+
Note: In order to hide this table in the UI and the text report file, please set the "Show Parameter Settings in Synthesis Report" option in "Analysis and Synthesis Settings -> More Settings" to "Off".


+-----------------------------------------------------------------------------------------------+
; Parameter Settings for User Entity Instance: CPU:CPU|Fluxo_Dados:FD|bancoRegistrador:bancoReg ;
+---------------------+-------+-----------------------------------------------------------------+
; Parameter Name      ; Value ; Type                                                            ;
+---------------------+-------+-----------------------------------------------------------------+
; larguradados        ; 10    ; Signed Integer                                                  ;
; larguraendbancoregs ; 4     ; Signed Integer                                                  ;
+---------------------+-------+-----------------------------------------------------------------+
Note: In order to hide this table in the UI and the text report file, please set the "Show Parameter Settings in Synthesis Report" option in "Analysis and Synthesis Settings -> More Settings" to "Off".


+-----------------------------------------------------------------------------+
; Parameter Settings for User Entity Instance: CPU:CPU|Fluxo_Dados:FD|ULA:ULA ;
+----------------+-------+----------------------------------------------------+
; Parameter Name ; Value ; Type                                               ;
+----------------+-------+----------------------------------------------------+
; larguradados   ; 10    ; Signed Integer                                     ;
+----------------+-------+----------------------------------------------------+
Note: In order to hide this table in the UI and the text report file, please set the "Show Parameter Settings in Synthesis Report" option in "Analysis and Synthesis Settings -> More Settings" to "Off".


+--------------------------------------------------------------------------+
; Parameter Settings for User Entity Instance: CPU:CPU|Unidade_Controle:UC ;
+----------------+-------+-------------------------------------------------+
; Parameter Name ; Value ; Type                                            ;
+----------------+-------+-------------------------------------------------+
; data_width     ; 10    ; Signed Integer                                  ;
; addr_width     ; 8     ; Signed Integer                                  ;
+----------------+-------+-------------------------------------------------+
Note: In order to hide this table in the UI and the text report file, please set the "Show Parameter Settings in Synthesis Report" option in "Analysis and Synthesis Settings -> More Settings" to "Off".


+----------------------------------------------------------------+
; Parameter Settings for User Entity Instance: decodificador:DEC ;
+----------------+-------+---------------------------------------+
; Parameter Name ; Value ; Type                                  ;
+----------------+-------+---------------------------------------+
; decode_width   ; 11    ; Signed Integer                        ;
+----------------+-------+---------------------------------------+
Note: In order to hide this table in the UI and the text report file, please set the "Show Parameter Settings in Synthesis Report" option in "Analysis and Synthesis Settings -> More Settings" to "Off".


+-------------------------------------------------------------+
; Parameter Settings for User Entity Instance: memoriaRAM:RAM ;
+----------------+-------+------------------------------------+
; Parameter Name ; Value ; Type                               ;
+----------------+-------+------------------------------------+
; datawidth      ; 10    ; Signed Integer                     ;
; addrwidth      ; 6     ; Signed Integer                     ;
+----------------+-------+------------------------------------+
Note: In order to hide this table in the UI and the text report file, please set the "Show Parameter Settings in Synthesis Report" option in "Analysis and Synthesis Settings -> More Settings" to "Off".


+---------------------------------------------------------+
; Parameter Settings for User Entity Instance: mux8x1:MUX ;
+----------------+-------+--------------------------------+
; Parameter Name ; Value ; Type                           ;
+----------------+-------+--------------------------------+
; larguradados   ; 10    ; Signed Integer                 ;
+----------------+-------+--------------------------------+
Note: In order to hide this table in the UI and the text report file, please set the "Show Parameter Settings in Synthesis Report" option in "Analysis and Synthesis Settings -> More Settings" to "Off".


+---------------------------------------------------------------------------------------------+
; Parameter Settings for User Entity Instance: divisorInterface:BASEDETEMPO|divisor:baseTempo ;
+----------------+----------+-----------------------------------------------------------------+
; Parameter Name ; Value    ; Type                                                            ;
+----------------+----------+-----------------------------------------------------------------+
; divisor        ; 25000000 ; Signed Integer                                                  ;
+----------------+----------+-----------------------------------------------------------------+
Note: In order to hide this table in the UI and the text report file, please set the "Show Parameter Settings in Synthesis Report" option in "Analysis and Synthesis Settings -> More Settings" to "Off".


+---------------------------------------------------------------+
; Parameter Settings for User Entity Instance: registrador:REG0 ;
+----------------+-------+--------------------------------------+
; Parameter Name ; Value ; Type                                 ;
+----------------+-------+--------------------------------------+
; larguradados   ; 4     ; Signed Integer                       ;
+----------------+-------+--------------------------------------+
Note: In order to hide this table in the UI and the text report file, please set the "Show Parameter Settings in Synthesis Report" option in "Analysis and Synthesis Settings -> More Settings" to "Off".


+---------------------------------------------------------------+
; Parameter Settings for User Entity Instance: registrador:REG1 ;
+----------------+-------+--------------------------------------+
; Parameter Name ; Value ; Type                                 ;
+----------------+-------+--------------------------------------+
; larguradados   ; 4     ; Signed Integer                       ;
+----------------+-------+--------------------------------------+
Note: In order to hide this table in the UI and the text report file, please set the "Show Parameter Settings in Synthesis Report" option in "Analysis and Synthesis Settings -> More Settings" to "Off".


+---------------------------------------------------------------+
; Parameter Settings for User Entity Instance: registrador:REG2 ;
+----------------+-------+--------------------------------------+
; Parameter Name ; Value ; Type                                 ;
+----------------+-------+--------------------------------------+
; larguradados   ; 4     ; Signed Integer                       ;
+----------------+-------+--------------------------------------+
Note: In order to hide this table in the UI and the text report file, please set the "Show Parameter Settings in Synthesis Report" option in "Analysis and Synthesis Settings -> More Settings" to "Off".


+---------------------------------------------------------------+
; Parameter Settings for User Entity Instance: registrador:REG3 ;
+----------------+-------+--------------------------------------+
; Parameter Name ; Value ; Type                                 ;
+----------------+-------+--------------------------------------+
; larguradados   ; 4     ; Signed Integer                       ;
+----------------+-------+--------------------------------------+
Note: In order to hide this table in the UI and the text report file, please set the "Show Parameter Settings in Synthesis Report" option in "Analysis and Synthesis Settings -> More Settings" to "Off".


+---------------------------------------------------------------+
; Parameter Settings for User Entity Instance: registrador:REG4 ;
+----------------+-------+--------------------------------------+
; Parameter Name ; Value ; Type                                 ;
+----------------+-------+--------------------------------------+
; larguradados   ; 4     ; Signed Integer                       ;
+----------------+-------+--------------------------------------+
Note: In order to hide this table in the UI and the text report file, please set the "Show Parameter Settings in Synthesis Report" option in "Analysis and Synthesis Settings -> More Settings" to "Off".


+---------------------------------------------------------------+
; Parameter Settings for User Entity Instance: registrador:REG5 ;
+----------------+-------+--------------------------------------+
; Parameter Name ; Value ; Type                                 ;
+----------------+-------+--------------------------------------+
; larguradados   ; 4     ; Signed Integer                       ;
+----------------+-------+--------------------------------------+
Note: In order to hide this table in the UI and the text report file, please set the "Show Parameter Settings in Synthesis Report" option in "Analysis and Synthesis Settings -> More Settings" to "Off".


+-----------------------------------------------------------------+
; Parameter Settings for User Entity Instance: registrador:REGLED ;
+----------------+-------+----------------------------------------+
; Parameter Name ; Value ; Type                                   ;
+----------------+-------+----------------------------------------+
; larguradados   ; 10    ; Signed Integer                         ;
+----------------+-------+----------------------------------------+
Note: In order to hide this table in the UI and the text report file, please set the "Show Parameter Settings in Synthesis Report" option in "Analysis and Synthesis Settings -> More Settings" to "Off".


+---------------------------------------------------------------------------------------------------------------------------+
; Analysis & Elaboration Settings                                                                                           ;
+---------------------------------------------------------------------------------+--------------------+--------------------+
; Option                                                                          ; Setting            ; Default Value      ;
+---------------------------------------------------------------------------------+--------------------+--------------------+
; Device                                                                          ; 5CEBA4F23C7        ;                    ;
; Top-level entity name                                                           ; relogio            ; Relogio            ;
; Family name                                                                     ; Cyclone V          ; Cyclone V          ;
; Use smart compilation                                                           ; Off                ; Off                ;
; Enable parallel Assembler and Timing Analyzer during compilation                ; On                 ; On                 ;
; Enable compact report table                                                     ; Off                ; Off                ;
; Restructure Multiplexers                                                        ; Auto               ; Auto               ;
; MLAB Add Timing Constraints For Mixed-Port Feed-Through Mode Setting Don't Care ; Off                ; Off                ;
; Create Debugging Nodes for IP Cores                                             ; Off                ; Off                ;
; Preserve fewer node names                                                       ; On                 ; On                 ;
; Intel FPGA IP Evaluation Mode                                                   ; Enable             ; Enable             ;
; Verilog Version                                                                 ; Verilog_2001       ; Verilog_2001       ;
; VHDL Version                                                                    ; VHDL_1993          ; VHDL_1993          ;
; State Machine Processing                                                        ; Auto               ; Auto               ;
; Safe State Machine                                                              ; Off                ; Off                ;
; Extract Verilog State Machines                                                  ; On                 ; On                 ;
; Extract VHDL State Machines                                                     ; On                 ; On                 ;
; Ignore Verilog initial constructs                                               ; Off                ; Off                ;
; Iteration limit for constant Verilog loops                                      ; 5000               ; 5000               ;
; Iteration limit for non-constant Verilog loops                                  ; 250                ; 250                ;
; Add Pass-Through Logic to Inferred RAMs                                         ; On                 ; On                 ;
; Infer RAMs from Raw Logic                                                       ; On                 ; On                 ;
; Parallel Synthesis                                                              ; On                 ; On                 ;
; DSP Block Balancing                                                             ; Auto               ; Auto               ;
; NOT Gate Push-Back                                                              ; On                 ; On                 ;
; Power-Up Don't Care                                                             ; On                 ; On                 ;
; Remove Redundant Logic Cells                                                    ; Off                ; Off                ;
; Remove Duplicate Registers                                                      ; On                 ; On                 ;
; Ignore CARRY Buffers                                                            ; Off                ; Off                ;
; Ignore CASCADE Buffers                                                          ; Off                ; Off                ;
; Ignore GLOBAL Buffers                                                           ; Off                ; Off                ;
; Ignore ROW GLOBAL Buffers                                                       ; Off                ; Off                ;
; Ignore LCELL Buffers                                                            ; Off                ; Off                ;
; Ignore SOFT Buffers                                                             ; On                 ; On                 ;
; Limit AHDL Integers to 32 Bits                                                  ; Off                ; Off                ;
; Optimization Technique                                                          ; Balanced           ; Balanced           ;
; Carry Chain Length                                                              ; 70                 ; 70                 ;
; Auto Carry Chains                                                               ; On                 ; On                 ;
; Auto Open-Drain Pins                                                            ; On                 ; On                 ;
; Perform WYSIWYG Primitive Resynthesis                                           ; Off                ; Off                ;
; Auto ROM Replacement                                                            ; On                 ; On                 ;
; Auto RAM Replacement                                                            ; On                 ; On                 ;
; Auto DSP Block Replacement                                                      ; On                 ; On                 ;
; Auto Shift Register Replacement                                                 ; Auto               ; Auto               ;
; Allow Shift Register Merging across Hierarchies                                 ; Auto               ; Auto               ;
; Auto Clock Enable Replacement                                                   ; On                 ; On                 ;
; Strict RAM Replacement                                                          ; Off                ; Off                ;
; Allow Synchronous Control Signals                                               ; On                 ; On                 ;
; Force Use of Synchronous Clear Signals                                          ; Off                ; Off                ;
; Auto Resource Sharing                                                           ; Off                ; Off                ;
; Allow Any RAM Size For Recognition                                              ; Off                ; Off                ;
; Allow Any ROM Size For Recognition                                              ; Off                ; Off                ;
; Allow Any Shift Register Size For Recognition                                   ; Off                ; Off                ;
; Use LogicLock Constraints during Resource Balancing                             ; On                 ; On                 ;
; Ignore translate_off and synthesis_off directives                               ; Off                ; Off                ;
; Timing-Driven Synthesis                                                         ; On                 ; On                 ;
; Report Parameter Settings                                                       ; On                 ; On                 ;
; Report Source Assignments                                                       ; On                 ; On                 ;
; Report Connectivity Checks                                                      ; On                 ; On                 ;
; Ignore Maximum Fan-Out Assignments                                              ; Off                ; Off                ;
; Synchronization Register Chain Length                                           ; 3                  ; 3                  ;
; Power Optimization During Synthesis                                             ; Normal compilation ; Normal compilation ;
; HDL message level                                                               ; Level2             ; Level2             ;
; Suppress Register Optimization Related Messages                                 ; Off                ; Off                ;
; Number of Removed Registers Reported in Synthesis Report                        ; 5000               ; 5000               ;
; Number of Swept Nodes Reported in Synthesis Report                              ; 5000               ; 5000               ;
; Number of Inverted Registers Reported in Synthesis Report                       ; 100                ; 100                ;
; Clock MUX Protection                                                            ; On                 ; On                 ;
; Auto Gated Clock Conversion                                                     ; Off                ; Off                ;
; Block Design Naming                                                             ; Auto               ; Auto               ;
; SDC constraint protection                                                       ; Off                ; Off                ;
; Synthesis Effort                                                                ; Auto               ; Auto               ;
; Shift Register Replacement - Allow Asynchronous Clear Signal                    ; On                 ; On                 ;
; Pre-Mapping Resynthesis Optimization                                            ; Off                ; Off                ;
; Analysis & Synthesis Message Level                                              ; Medium             ; Medium             ;
; Disable Register Merging Across Hierarchies                                     ; Auto               ; Auto               ;
; Resource Aware Inference For Block RAM                                          ; On                 ; On                 ;
; Automatic Parallel Synthesis                                                    ; On                 ; On                 ;
; Partial Reconfiguration Bitstream ID                                            ; Off                ; Off                ;
+---------------------------------------------------------------------------------+--------------------+--------------------+


+------------------------------------------------+
; Port Connectivity Checks: "registrador:REGLED" ;
+------+-------+----------+----------------------+
; Port ; Type  ; Severity ; Details              ;
+------+-------+----------+----------------------+
; rst  ; Input ; Info     ; Stuck at GND         ;
+------+-------+----------+----------------------+


+--------------------------------------------+
; Port Connectivity Checks: "hex:HEX_5"      ;
+----------+-------+----------+--------------+
; Port     ; Type  ; Severity ; Details      ;
+----------+-------+----------+--------------+
; apaga    ; Input ; Info     ; Stuck at GND ;
; negativo ; Input ; Info     ; Stuck at GND ;
; overflow ; Input ; Info     ; Stuck at GND ;
+----------+-------+----------+--------------+


+----------------------------------------------+
; Port Connectivity Checks: "registrador:REG5" ;
+------+-------+----------+--------------------+
; Port ; Type  ; Severity ; Details            ;
+------+-------+----------+--------------------+
; rst  ; Input ; Info     ; Stuck at GND       ;
+------+-------+----------+--------------------+


+--------------------------------------------+
; Port Connectivity Checks: "hex:HEX_4"      ;
+----------+-------+----------+--------------+
; Port     ; Type  ; Severity ; Details      ;
+----------+-------+----------+--------------+
; apaga    ; Input ; Info     ; Stuck at GND ;
; negativo ; Input ; Info     ; Stuck at GND ;
; overflow ; Input ; Info     ; Stuck at GND ;
+----------+-------+----------+--------------+


+----------------------------------------------+
; Port Connectivity Checks: "registrador:REG4" ;
+------+-------+----------+--------------------+
; Port ; Type  ; Severity ; Details            ;
+------+-------+----------+--------------------+
; rst  ; Input ; Info     ; Stuck at GND       ;
+------+-------+----------+--------------------+


+--------------------------------------------+
; Port Connectivity Checks: "hex:HEX_3"      ;
+----------+-------+----------+--------------+
; Port     ; Type  ; Severity ; Details      ;
+----------+-------+----------+--------------+
; apaga    ; Input ; Info     ; Stuck at GND ;
; negativo ; Input ; Info     ; Stuck at GND ;
; overflow ; Input ; Info     ; Stuck at GND ;
+----------+-------+----------+--------------+


+----------------------------------------------+
; Port Connectivity Checks: "registrador:REG3" ;
+------+-------+----------+--------------------+
; Port ; Type  ; Severity ; Details            ;
+------+-------+----------+--------------------+
; rst  ; Input ; Info     ; Stuck at GND       ;
+------+-------+----------+--------------------+


+--------------------------------------------+
; Port Connectivity Checks: "hex:HEX_2"      ;
+----------+-------+----------+--------------+
; Port     ; Type  ; Severity ; Details      ;
+----------+-------+----------+--------------+
; apaga    ; Input ; Info     ; Stuck at GND ;
; negativo ; Input ; Info     ; Stuck at GND ;
; overflow ; Input ; Info     ; Stuck at GND ;
+----------+-------+----------+--------------+


+----------------------------------------------+
; Port Connectivity Checks: "registrador:REG2" ;
+------+-------+----------+--------------------+
; Port ; Type  ; Severity ; Details            ;
+------+-------+----------+--------------------+
; rst  ; Input ; Info     ; Stuck at GND       ;
+------+-------+----------+--------------------+


+--------------------------------------------+
; Port Connectivity Checks: "hex:HEX_1"      ;
+----------+-------+----------+--------------+
; Port     ; Type  ; Severity ; Details      ;
+----------+-------+----------+--------------+
; apaga    ; Input ; Info     ; Stuck at GND ;
; negativo ; Input ; Info     ; Stuck at GND ;
; overflow ; Input ; Info     ; Stuck at GND ;
+----------+-------+----------+--------------+


+----------------------------------------------+
; Port Connectivity Checks: "registrador:REG1" ;
+------+-------+----------+--------------------+
; Port ; Type  ; Severity ; Details            ;
+------+-------+----------+--------------------+
; rst  ; Input ; Info     ; Stuck at GND       ;
+------+-------+----------+--------------------+


+--------------------------------------------+
; Port Connectivity Checks: "hex:HEX_0"      ;
+----------+-------+----------+--------------+
; Port     ; Type  ; Severity ; Details      ;
+----------+-------+----------+--------------+
; apaga    ; Input ; Info     ; Stuck at GND ;
; negativo ; Input ; Info     ; Stuck at GND ;
; overflow ; Input ; Info     ; Stuck at GND ;
+----------+-------+----------+--------------+


+----------------------------------------------+
; Port Connectivity Checks: "registrador:REG0" ;
+------+-------+----------+--------------------+
; Port ; Type  ; Severity ; Details            ;
+------+-------+----------+--------------------+
; rst  ; Input ; Info     ; Stuck at GND       ;
+------+-------+----------+--------------------+


+-------------------------------------------------------------------------------------+
; Port Connectivity Checks: "divisorInterface:BASEDETEMPO|flipFlop:registraUmSegundo" ;
+--------+-------+----------+---------------------------------------------------------+
; Port   ; Type  ; Severity ; Details                                                 ;
+--------+-------+----------+---------------------------------------------------------+
; din    ; Input ; Info     ; Stuck at VCC                                            ;
; enable ; Input ; Info     ; Stuck at VCC                                            ;
+--------+-------+----------+---------------------------------------------------------+


+------------------------------------------------------+
; Port Connectivity Checks: "mux8x1:MUX"               ;
+--------------------+-------+----------+--------------+
; Port               ; Type  ; Severity ; Details      ;
+--------------------+-------+----------+--------------+
; entradaa_mux[9..1] ; Input ; Info     ; Stuck at GND ;
; entradad_mux[9..4] ; Input ; Info     ; Stuck at GND ;
+--------------------+-------+----------+--------------+


+-------------------------------------------------------------------------------------------------------------------------------------+
; Port Connectivity Checks: "decodificador:DEC"                                                                                       ;
+---------------------------+--------+----------+-------------------------------------------------------------------------------------+
; Port                      ; Type   ; Severity ; Details                                                                             ;
+---------------------------+--------+----------+-------------------------------------------------------------------------------------+
; decodificadorcontrole[10] ; Output ; Info     ; Connected to dangling logic. Logic that only feeds a dangling port will be removed. ;
; decodificadorcontrole[8]  ; Output ; Info     ; Connected to dangling logic. Logic that only feeds a dangling port will be removed. ;
+---------------------------+--------+----------+-------------------------------------------------------------------------------------+


+-------------------------------------------------------------------+
; Port Connectivity Checks: "CPU:CPU|Fluxo_Dados:FD|registrador:PC" ;
+--------+-------+----------+---------------------------------------+
; Port   ; Type  ; Severity ; Details                               ;
+--------+-------+----------+---------------------------------------+
; enable ; Input ; Info     ; Stuck at VCC                          ;
; rst    ; Input ; Info     ; Stuck at GND                          ;
+--------+-------+----------+---------------------------------------+


+---------------------------------+
; Analysis & Elaboration Messages ;
+---------------------------------+
Info: *******************************************************************
Info: Running Quartus Prime Analysis & Elaboration
    Info: Version 18.1.0 Build 625 09/12/2018 SJ Lite Edition
    Info: Processing started: Wed Oct  7 16:41:33 2020
Info: Command: quartus_map --read_settings_files=on --write_settings_files=off Relogio -c Relogio --analysis_and_elaboration
Warning (18236): Number of processors has not been specified which may cause overloading on shared machines.  Set the global assignment NUM_PARALLEL_PROCESSORS in your QSF to an appropriate value for best performance.
Info (20030): Parallel compilation is enabled and will use 4 of the 4 processors detected
Info (12021): Found 2 design units, including 1 entities, in source file mux3x1.vhd
    Info (12022): Found design unit 1: mux8x1-comportamento File: /home/leo/Desktop/DesComp/Projeto/mux3x1.vhd Line: 14
    Info (12023): Found entity 1: mux8x1 File: /home/leo/Desktop/DesComp/Projeto/mux3x1.vhd Line: 4
Info (12021): Found 1 design units, including 0 entities, in source file constantes.vhd
    Info (12022): Found design unit 1: constantes File: /home/leo/Desktop/DesComp/Projeto/constantes.vhd Line: 6
Info (12021): Found 2 design units, including 1 entities, in source file bancoRegistrador.vhd
    Info (12022): Found design unit 1: bancoRegistrador-comportamento File: /home/leo/Desktop/DesComp/Projeto/bancoRegistrador.vhd Line: 24
    Info (12023): Found entity 1: bancoRegistrador File: /home/leo/Desktop/DesComp/Projeto/bancoRegistrador.vhd Line: 5
Info (12021): Found 2 design units, including 1 entities, in source file bancoRegistradorOld.vhd
    Info (12022): Found design unit 1: bancoRegistradorOld-arch_name File: /home/leo/Desktop/DesComp/Projeto/bancoRegistradorOld.vhd Line: 27
    Info (12023): Found entity 1: bancoRegistradorOld File: /home/leo/Desktop/DesComp/Projeto/bancoRegistradorOld.vhd Line: 5
Info (12021): Found 2 design units, including 1 entities, in source file fluxoDados.vhd
    Info (12022): Found design unit 1: Fluxo_Dados-arch_name File: /home/leo/Desktop/DesComp/Projeto/fluxoDados.vhd Line: 26
    Info (12023): Found entity 1: Fluxo_Dados File: /home/leo/Desktop/DesComp/Projeto/fluxoDados.vhd Line: 5
Info (12021): Found 2 design units, including 1 entities, in source file unidadeControle.vhd
    Info (12022): Found design unit 1: Unidade_Controle-arch_name File: /home/leo/Desktop/DesComp/Projeto/unidadeControle.vhd Line: 22
    Info (12023): Found entity 1: Unidade_Controle File: /home/leo/Desktop/DesComp/Projeto/unidadeControle.vhd Line: 6
Info (12021): Found 2 design units, including 1 entities, in source file relogio.vhd
    Info (12022): Found design unit 1: relogio-arch_name File: /home/leo/Desktop/DesComp/Projeto/relogio.vhd Line: 36
    Info (12023): Found entity 1: relogio File: /home/leo/Desktop/DesComp/Projeto/relogio.vhd Line: 9
Info (12021): Found 2 design units, including 1 entities, in source file mux2x1.vhd
    Info (12022): Found design unit 1: mux2x1-comportamento File: /home/leo/Desktop/DesComp/Projeto/mux2x1.vhd Line: 14
    Info (12023): Found entity 1: mux2x1 File: /home/leo/Desktop/DesComp/Projeto/mux2x1.vhd Line: 4
Info (12021): Found 2 design units, including 1 entities, in source file hex.vhd
    Info (12022): Found design unit 1: hex-comportamento File: /home/leo/Desktop/DesComp/Projeto/hex.vhd Line: 17
    Info (12023): Found entity 1: hex File: /home/leo/Desktop/DesComp/Projeto/hex.vhd Line: 4
Info (12021): Found 2 design units, including 1 entities, in source file somador.vhd
    Info (12022): Found design unit 1: somaConstante-comportamento File: /home/leo/Desktop/DesComp/Projeto/somador.vhd Line: 16
    Info (12023): Found entity 1: somaConstante File: /home/leo/Desktop/DesComp/Projeto/somador.vhd Line: 5
Info (12021): Found 2 design units, including 1 entities, in source file ULA.vhd
    Info (12022): Found design unit 1: ULA-comportamento File: /home/leo/Desktop/DesComp/Projeto/ULA.vhd Line: 17
    Info (12023): Found entity 1: ULA File: /home/leo/Desktop/DesComp/Projeto/ULA.vhd Line: 5
Info (12021): Found 2 design units, including 1 entities, in source file divisor.vhd
    Info (12022): Found design unit 1: divisor-divInteiro File: /home/leo/Desktop/DesComp/Projeto/divisor.vhd Line: 15
    Info (12023): Found entity 1: divisor File: /home/leo/Desktop/DesComp/Projeto/divisor.vhd Line: 5
Info (12021): Found 2 design units, including 1 entities, in source file registrador.vhd
    Info (12022): Found design unit 1: registrador-comportamento File: /home/leo/Desktop/DesComp/Projeto/registrador.vhd Line: 16
    Info (12023): Found entity 1: registrador File: /home/leo/Desktop/DesComp/Projeto/registrador.vhd Line: 4
Info (12021): Found 2 design units, including 1 entities, in source file memoriaROM.vhd
    Info (12022): Found design unit 1: memoriaROM-assincrona File: /home/leo/Desktop/DesComp/Projeto/memoriaROM.vhd Line: 32
    Info (12023): Found entity 1: memoriaROM File: /home/leo/Desktop/DesComp/Projeto/memoriaROM.vhd Line: 5
Info (12021): Found 2 design units, including 1 entities, in source file memoriaRAM.vhd
    Info (12022): Found design unit 1: memoriaRAM-rtl File: /home/leo/Desktop/DesComp/Projeto/memoriaRAM.vhd Line: 19
    Info (12023): Found entity 1: memoriaRAM File: /home/leo/Desktop/DesComp/Projeto/memoriaRAM.vhd Line: 5
Info (12021): Found 2 design units, including 1 entities, in source file CPU.vhd
    Info (12022): Found design unit 1: CPU-arch_name File: /home/leo/Desktop/DesComp/Projeto/CPU.vhd Line: 22
    Info (12023): Found entity 1: CPU File: /home/leo/Desktop/DesComp/Projeto/CPU.vhd Line: 5
Warning (12019): Can't analyze file -- file divisorInterface.v is missing
Info (12021): Found 2 design units, including 1 entities, in source file divisorInterface.vhd
    Info (12022): Found design unit 1: divisorInterface-interface File: /home/leo/Desktop/DesComp/Projeto/divisorInterface.vhd Line: 14
    Info (12023): Found entity 1: divisorInterface File: /home/leo/Desktop/DesComp/Projeto/divisorInterface.vhd Line: 5
Info (12021): Found 2 design units, including 1 entities, in source file flipFlop.vhd
    Info (12022): Found design unit 1: flipFlop-comportamento File: /home/leo/Desktop/DesComp/Projeto/flipFlop.vhd Line: 14
    Info (12023): Found entity 1: flipFlop File: /home/leo/Desktop/DesComp/Projeto/flipFlop.vhd Line: 4
Info (12021): Found 2 design units, including 1 entities, in source file decodificador.vhd
    Info (12022): Found design unit 1: decodificador-arch_name File: /home/leo/Desktop/DesComp/Projeto/decodificador.vhd Line: 29
    Info (12023): Found entity 1: decodificador File: /home/leo/Desktop/DesComp/Projeto/decodificador.vhd Line: 6
Warning (12019): Can't analyze file -- file hexInterface.vhd is missing
Info (12127): Elaborating entity "relogio" for the top level hierarchy
Info (12128): Elaborating entity "CPU" for hierarchy "CPU:CPU" File: /home/leo/Desktop/DesComp/Projeto/relogio.vhd Line: 73
Info (12128): Elaborating entity "Fluxo_Dados" for hierarchy "CPU:CPU|Fluxo_Dados:FD" File: /home/leo/Desktop/DesComp/Projeto/CPU.vhd Line: 30
Info (12128): Elaborating entity "registrador" for hierarchy "CPU:CPU|Fluxo_Dados:FD|registrador:PC" File: /home/leo/Desktop/DesComp/Projeto/fluxoDados.vhd Line: 53
Info (12128): Elaborating entity "mux2x1" for hierarchy "CPU:CPU|Fluxo_Dados:FD|mux2x1:MuxProxPC" File: /home/leo/Desktop/DesComp/Projeto/fluxoDados.vhd Line: 56
Info (12128): Elaborating entity "mux2x1" for hierarchy "CPU:CPU|Fluxo_Dados:FD|mux2x1:muxRAM_Imediato" File: /home/leo/Desktop/DesComp/Projeto/fluxoDados.vhd Line: 60
Info (12128): Elaborating entity "somaConstante" for hierarchy "CPU:CPU|Fluxo_Dados:FD|somaConstante:somaUm" File: /home/leo/Desktop/DesComp/Projeto/fluxoDados.vhd Line: 69
Info (12128): Elaborating entity "memoriaROM" for hierarchy "CPU:CPU|Fluxo_Dados:FD|memoriaROM:ROM" File: /home/leo/Desktop/DesComp/Projeto/fluxoDados.vhd Line: 72
Info (12128): Elaborating entity "bancoRegistrador" for hierarchy "CPU:CPU|Fluxo_Dados:FD|bancoRegistrador:bancoReg" File: /home/leo/Desktop/DesComp/Projeto/fluxoDados.vhd Line: 74
Info (12128): Elaborating entity "ULA" for hierarchy "CPU:CPU|Fluxo_Dados:FD|ULA:ULA" File: /home/leo/Desktop/DesComp/Projeto/fluxoDados.vhd Line: 81
Info (12128): Elaborating entity "Unidade_Controle" for hierarchy "CPU:CPU|Unidade_Controle:UC" File: /home/leo/Desktop/DesComp/Projeto/CPU.vhd Line: 35
Warning (10873): Using initial value X (don't care) for net "palavraControle[1..0]" at unidadeControle.vhd(19) File: /home/leo/Desktop/DesComp/Projeto/unidadeControle.vhd Line: 19
Info (12128): Elaborating entity "decodificador" for hierarchy "decodificador:DEC" File: /home/leo/Desktop/DesComp/Projeto/relogio.vhd Line: 76
Warning (10873): Using initial value X (don't care) for net "decodificadorControle[5..0]" at decodificador.vhd(26) File: /home/leo/Desktop/DesComp/Projeto/decodificador.vhd Line: 26
Info (12128): Elaborating entity "memoriaRAM" for hierarchy "memoriaRAM:RAM" File: /home/leo/Desktop/DesComp/Projeto/relogio.vhd Line: 79
Info (12128): Elaborating entity "mux8x1" for hierarchy "mux8x1:MUX" File: /home/leo/Desktop/DesComp/Projeto/relogio.vhd Line: 82
Info (12128): Elaborating entity "divisorInterface" for hierarchy "divisorInterface:BASEDETEMPO" File: /home/leo/Desktop/DesComp/Projeto/relogio.vhd Line: 84
Info (12128): Elaborating entity "divisor" for hierarchy "divisorInterface:BASEDETEMPO|divisor:baseTempo" File: /home/leo/Desktop/DesComp/Projeto/divisorInterface.vhd Line: 19
Info (12128): Elaborating entity "flipFlop" for hierarchy "divisorInterface:BASEDETEMPO|flipFlop:registraUmSegundo" File: /home/leo/Desktop/DesComp/Projeto/divisorInterface.vhd Line: 23
Info (12128): Elaborating entity "registrador" for hierarchy "registrador:REG0" File: /home/leo/Desktop/DesComp/Projeto/relogio.vhd Line: 87
Info (12128): Elaborating entity "hex" for hierarchy "hex:HEX_0" File: /home/leo/Desktop/DesComp/Projeto/relogio.vhd Line: 89
Info (12128): Elaborating entity "registrador" for hierarchy "registrador:REGLED" File: /home/leo/Desktop/DesComp/Projeto/relogio.vhd Line: 117
Info: Quartus Prime Analysis & Elaboration was successful. 0 errors, 5 warnings
    Info: Peak virtual memory: 1305 megabytes
    Info: Processing ended: Wed Oct  7 16:42:47 2020
    Info: Elapsed time: 00:01:14
    Info: Total CPU time (on all processors): 00:00:35


