------------------------------------------------------------
Timing Analyzer Summary
------------------------------------------------------------

Type  : Slow 1100mV 85C Model Setup 'CLOCK_50'
Slack : -0.925
TNS   : -7.205

Type  : Slow 1100mV 85C Model Hold 'CLOCK_50'
Slack : 0.831
TNS   : 0.000

Type  : Slow 1100mV 85C Model Minimum Pulse Width 'CLOCK_50'
Slack : -0.538
TNS   : -8.714

Type  : Slow 1100mV 0C Model Setup 'CLOCK_50'
Slack : -1.078
TNS   : -8.460

Type  : Slow 1100mV 0C Model Hold 'CLOCK_50'
Slack : 0.877
TNS   : 0.000

Type  : Slow 1100mV 0C Model Minimum Pulse Width 'CLOCK_50'
Slack : -0.538
TNS   : -7.729

Type  : Fast 1100mV 85C Model Setup 'CLOCK_50'
Slack : 0.132
TNS   : 0.000

Type  : Fast 1100mV 85C Model Hold 'CLOCK_50'
Slack : 0.303
TNS   : 0.000

Type  : Fast 1100mV 85C Model Minimum Pulse Width 'CLOCK_50'
Slack : -0.403
TNS   : -5.002

Type  : Fast 1100mV 0C Model Setup 'CLOCK_50'
Slack : 0.147
TNS   : 0.000

Type  : Fast 1100mV 0C Model Hold 'CLOCK_50'
Slack : 0.296
TNS   : 0.000

Type  : Fast 1100mV 0C Model Minimum Pulse Width 'CLOCK_50'
Slack : -0.442
TNS   : -6.027

------------------------------------------------------------
