------------------------------------------------------------
Timing Analyzer Summary
------------------------------------------------------------

Type  : Slow 1100mV 85C Model Setup 'CLOCK_50'
Slack : -6.754
TNS   : -777.082

Type  : Slow 1100mV 85C Model Hold 'CLOCK_50'
Slack : 0.829
TNS   : 0.000

Type  : Slow 1100mV 85C Model Minimum Pulse Width 'CLOCK_50'
Slack : -0.538
TNS   : -125.460

Type  : Slow 1100mV 0C Model Setup 'CLOCK_50'
Slack : -6.891
TNS   : -780.754

Type  : Slow 1100mV 0C Model Hold 'CLOCK_50'
Slack : 0.896
TNS   : 0.000

Type  : Slow 1100mV 0C Model Minimum Pulse Width 'CLOCK_50'
Slack : -0.538
TNS   : -111.268

Type  : Fast 1100mV 85C Model Setup 'CLOCK_50'
Slack : -2.808
TNS   : -315.791

Type  : Fast 1100mV 85C Model Hold 'CLOCK_50'
Slack : 0.305
TNS   : 0.000

Type  : Fast 1100mV 85C Model Minimum Pulse Width 'CLOCK_50'
Slack : -0.408
TNS   : -64.618

Type  : Fast 1100mV 0C Model Setup 'CLOCK_50'
Slack : -2.500
TNS   : -278.909

Type  : Fast 1100mV 0C Model Hold 'CLOCK_50'
Slack : 0.297
TNS   : 0.000

Type  : Fast 1100mV 0C Model Minimum Pulse Width 'CLOCK_50'
Slack : -0.446
TNS   : -77.336

------------------------------------------------------------
